
; 64tass Turbo Assembler Macro V1.52.1237 listing file
; 64tass.exe -L ascii-lst/asoa.lst -o ascii-bin/asoa -T ascii-src/asoa.asm
; Mon Sep 26 23:32:14 2016

;Offset	;Hex		;Monitor	;Source

;******  Processing input file: ascii-src/asoa.asm

>0801	4c 16 08 00 97 32		         .byte $4c,$16,$08,$00,$97,$32
>0807	2c 30 3a 9e 32 30		         .byte $2c,$30,$3a,$9e,$32,$30
>080d	37 30 00 00 00 a9		         .byte $37,$30,$00,$00,$00,$a9
>0813	01 85 02			         .byte $01,$85,$02
.0816	20 55 0a	jsr $0a55	         jsr print
>0819	0d				         .byte 13
>081a	28 75 70 29 61 73 6f 61		         .text "(up)asoa"
>0822	00				         .byte 0
.0823	a9 1b		lda #$1b	         lda #%00011011
.0825	8d fe 08	sta $08fe	         sta db
.0828	a9 c6		lda #$c6	         lda #%11000110
.082a	8d ff 08	sta $08ff	         sta ab
.082d	a9 b1		lda #$b1	         lda #%10110001
.082f	8d 00 09	sta $0900	         sta xb
.0832	a9 6c		lda #$6c	         lda #%01101100
.0834	8d 01 09	sta $0901	         sta yb
.0837	a9 00		lda #$00	         lda #0
.0839	8d 02 09	sta $0902	         sta pb
.083c	ba		tsx		         tsx
.083d	8e 03 09	stx $0903	         stx sb
.0840	a9 00		lda #$00	         lda #0
.0842	8d fe 08	sta $08fe	         sta db
.0845	ad fe 08	lda $08fe	next     lda db
.0848	8d 04 09	sta $0904	         sta da
.084b	0a		asl a		         asl a
.084c	8d 0a 09	sta $090a	         sta dr
.084f	0d ff 08	ora $08ff	         ora ab
.0852	8d 0b 09	sta $090b	         sta ar
.0855	ad 00 09	lda $0900	         lda xb
.0858	8d 0c 09	sta $090c	         sta xr
.085b	ad 01 09	lda $0901	         lda yb
.085e	8d 0d 09	sta $090d	         sta yr
.0861	ad 02 09	lda $0902	         lda pb
.0864	09 30		ora #$30	         ora #%00110000
.0866	29 7c		and #$7c	         and #%01111100
.0868	aa		tax		         tax
.0869	ad 0b 09	lda $090b	         lda ar
.086c	c9 00		cmp #$00	         cmp #0
.086e	d0 07		bne $0877	         bne nozero
.0870	8a		txa		         txa
.0871	09 02		ora #$02	         ora #%00000010
.0873	aa		tax		         tax
.0874	ad 0b 09	lda $090b	         lda ar
.0877	0a		asl a		nozero   asl a
.0878	90 04		bcc $087e	         bcc noneg
.087a	8a		txa		         txa
.087b	09 80		ora #$80	         ora #%10000000
.087d	aa		tax		         tax
.087e	ad fe 08	lda $08fe	noneg    lda db
.0881	10 04		bpl $0887	         bpl nocarry
.0883	8a		txa		         txa
.0884	09 01		ora #$01	         ora #%00000001
.0886	aa		tax		         tax
.0887	8e 0e 09	stx $090e	nocarry  stx pr
.088a	ad 03 09	lda $0903	         lda sb
.088d	8d 0f 09	sta $090f	         sta sr
.0890	ae 03 09	ldx $0903	         ldx sb
.0893	9a		txs		         txs
.0894	ad 02 09	lda $0902	         lda pb
.0897	48		pha		         pha
.0898	ad ff 08	lda $08ff	         lda ab
.089b	ae 00 09	ldx $0900	         ldx xb
.089e	ac 01 09	ldy $0901	         ldy yb
.08a1	28		plp		         plp
>08a2	0f				cmd      .byte $0f
>08a3	04 09				         .word da
.08a5	08		php		         php
.08a6	d8		cld		         cld
.08a7	8d 05 09	sta $0905	         sta aa
.08aa	8e 06 09	stx $0906	         stx xa
.08ad	8c 07 09	sty $0907	         sty ya
.08b0	68		pla		         pla
.08b1	8d 08 09	sta $0908	         sta pa
.08b4	ba		tsx		         tsx
.08b5	8e 09 09	stx $0909	         stx sa
.08b8	20 10 09	jsr $0910	         jsr check
.08bb	ee fe 08	inc $08fe	         inc db
.08be	d0 05		bne $08c5	         bne jmpnext
.08c0	ee 02 09	inc $0902	         inc pb
.08c3	f0 03		beq $08c8	         beq nonext
.08c5	4c 45 08	jmp $0845	jmpnext  jmp next
.08c8					nonext
.08c8	20 55 0a	jsr $0a55	         jsr print
>08cb	20 2d 20 6f 6b			         .text " - ok"
>08d0	0d 00				         .byte 13,0
.08d2	a5 02		lda $02		         lda 2
.08d4	f0 08		beq $08de	         beq load
.08d6	20 e4 ff	jsr $ffe4	wait     jsr $ffe4
.08d9	f0 fb		beq $08d6	         beq wait
.08db	4c 00 80	jmp $8000	         jmp $8000
.08de	20 55 0a	jsr $0a55	load     jsr print
>08e1	61 73 6f 61 78			name     .text "asoax"
=5					namelen  = *-name
>08e6	00				         .byte 0
.08e7	a9 00		lda #$00	         lda #0
.08e9	85 0a		sta $0a		         sta $0a
.08eb	85 b9		sta $b9		         sta $b9
.08ed	a9 05		lda #$05	         lda #namelen
.08ef	85 b7		sta $b7		         sta $b7
.08f1	a9 e1		lda #$e1	         lda #<name
.08f3	85 bb		sta $bb		         sta $bb
.08f5	a9 08		lda #$08	         lda #>name
.08f7	85 bc		sta $bc		         sta $bc
.08f9	68		pla		         pla
.08fa	68		pla		         pla
.08fb	4c 6f e1	jmp $e16f	         jmp $e16f
>08fe	00				db       .byte 0
>08ff	00				ab       .byte 0
>0900	00				xb       .byte 0
>0901	00				yb       .byte 0
>0902	00				pb       .byte 0
>0903	00				sb       .byte 0
>0904	00				da       .byte 0
>0905	00				aa       .byte 0
>0906	00				xa       .byte 0
>0907	00				ya       .byte 0
>0908	00				pa       .byte 0
>0909	00				sa       .byte 0
>090a	00				dr       .byte 0
>090b	00				ar       .byte 0
>090c	00				xr       .byte 0
>090d	00				yr       .byte 0
>090e	00				pr       .byte 0
>090f	00				sr       .byte 0
.0910					check
.0910	ad 04 09	lda $0904	         lda da
.0913	cd 0a 09	cmp $090a	         cmp dr
.0916	d0 29		bne $0941	         bne error
.0918	ad 05 09	lda $0905	         lda aa
.091b	cd 0b 09	cmp $090b	         cmp ar
.091e	d0 21		bne $0941	         bne error
.0920	ad 06 09	lda $0906	         lda xa
.0923	cd 0c 09	cmp $090c	         cmp xr
.0926	d0 19		bne $0941	         bne error
.0928	ad 07 09	lda $0907	         lda ya
.092b	cd 0d 09	cmp $090d	         cmp yr
.092e	d0 11		bne $0941	         bne error
.0930	ad 08 09	lda $0908	         lda pa
.0933	cd 0e 09	cmp $090e	         cmp pr
.0936	d0 09		bne $0941	         bne error
.0938	ad 09 09	lda $0909	         lda sa
.093b	cd 0f 09	cmp $090f	         cmp sr
.093e	d0 01		bne $0941	         bne error
.0940	60		rts		         rts
.0941	20 55 0a	jsr $0a55	error    jsr print
>0944	0d				         .byte 13
>0945	62 65 66 6f 72 65 20 20		         .null "before  "
>094d	00
.094e	a2 fe		ldx #$fe	         ldx #<db
.0950	a0 08		ldy #$08	         ldy #>db
.0952	20 96 09	jsr $0996	         jsr showregs
.0955	20 55 0a	jsr $0a55	         jsr print
>0958	0d				         .byte 13
>0959	61 66 74 65 72 20 20 20		         .null "after   "
>0961	00
.0962	a2 04		ldx #$04	         ldx #<da
.0964	a0 09		ldy #$09	         ldy #>da
.0966	20 96 09	jsr $0996	         jsr showregs
.0969	20 55 0a	jsr $0a55	         jsr print
>096c	0d				         .byte 13
>096d	72 69 67 68 74 20 20 20		         .null "right   "
>0975	00
.0976	a2 0a		ldx #$0a	         ldx #<dr
.0978	a0 09		ldy #$09	         ldy #>dr
.097a	20 96 09	jsr $0996	         jsr showregs
.097d	a9 0d		lda #$0d	         lda #13
.097f	20 d2 ff	jsr $ffd2	         jsr $ffd2
.0982	20 e4 ff	jsr $ffe4	wait     jsr $ffe4
.0985	f0 fb		beq $0982	         beq wait
.0987	c9 03		cmp #$03	         cmp #3
.0989	f0 01		beq $098c	         beq stop
.098b	60		rts		         rts
.098c	a5 02		lda $02		stop     lda 2
.098e	f0 03		beq $0993	         beq basic
.0990	4c 00 80	jmp $8000	         jmp $8000
.0993	6c 02 a0	jmp ($a002)	basic    jmp ($a002)
.0996	86 ac		stx $ac		showregs stx 172
.0998	84 ad		sty $ad		         sty 173
.099a	a0 00		ldy #$00	         ldy #0
.099c	b1 ac		lda ($ac),y	         lda (172),y
.099e	20 3f 0a	jsr $0a3f	         jsr hexb
.09a1	a9 20		lda #$20	         lda #32
.09a3	20 d2 ff	jsr $ffd2	         jsr $ffd2
.09a6	a9 20		lda #$20	         lda #32
.09a8	20 d2 ff	jsr $ffd2	         jsr $ffd2
.09ab	c8		iny		         iny
.09ac	b1 ac		lda ($ac),y	         lda (172),y
.09ae	20 3f 0a	jsr $0a3f	         jsr hexb
.09b1	a9 20		lda #$20	         lda #32
.09b3	20 d2 ff	jsr $ffd2	         jsr $ffd2
.09b6	c8		iny		         iny
.09b7	b1 ac		lda ($ac),y	         lda (172),y
.09b9	20 3f 0a	jsr $0a3f	         jsr hexb
.09bc	a9 20		lda #$20	         lda #32
.09be	20 d2 ff	jsr $ffd2	         jsr $ffd2
.09c1	c8		iny		         iny
.09c2	b1 ac		lda ($ac),y	         lda (172),y
.09c4	20 3f 0a	jsr $0a3f	         jsr hexb
.09c7	a9 20		lda #$20	         lda #32
.09c9	20 d2 ff	jsr $ffd2	         jsr $ffd2
.09cc	c8		iny		         iny
.09cd	b1 ac		lda ($ac),y	         lda (172),y
.09cf	a2 6e		ldx #$6e	         ldx #"n"
.09d1	0a		asl a		         asl a
.09d2	90 02		bcc $09d6	         bcc ok7
.09d4	a2 4e		ldx #$4e	         ldx #"N"
.09d6	48		pha		ok7      pha
.09d7	8a		txa		         txa
.09d8	20 d2 ff	jsr $ffd2	         jsr $ffd2
.09db	68		pla		         pla
.09dc	a2 76		ldx #$76	         ldx #"v"
.09de	0a		asl a		         asl a
.09df	90 02		bcc $09e3	         bcc ok6
.09e1	a2 56		ldx #$56	         ldx #"V"
.09e3	48		pha		ok6      pha
.09e4	8a		txa		         txa
.09e5	20 d2 ff	jsr $ffd2	         jsr $ffd2
.09e8	68		pla		         pla
.09e9	a2 30		ldx #$30	         ldx #"0"
.09eb	0a		asl a		         asl a
.09ec	90 02		bcc $09f0	         bcc ok5
.09ee	a2 31		ldx #$31	         ldx #"1"
.09f0	48		pha		ok5      pha
.09f1	8a		txa		         txa
.09f2	20 d2 ff	jsr $ffd2	         jsr $ffd2
.09f5	68		pla		         pla
.09f6	a2 62		ldx #$62	         ldx #"b"
.09f8	0a		asl a		         asl a
.09f9	90 02		bcc $09fd	         bcc ok4
.09fb	a2 42		ldx #$42	         ldx #"B"
.09fd	48		pha		ok4      pha
.09fe	8a		txa		         txa
.09ff	20 d2 ff	jsr $ffd2	         jsr $ffd2
.0a02	68		pla		         pla
.0a03	a2 64		ldx #$64	         ldx #"d"
.0a05	0a		asl a		         asl a
.0a06	90 02		bcc $0a0a	         bcc ok3
.0a08	a2 44		ldx #$44	         ldx #"D"
.0a0a	48		pha		ok3      pha
.0a0b	8a		txa		         txa
.0a0c	20 d2 ff	jsr $ffd2	         jsr $ffd2
.0a0f	68		pla		         pla
.0a10	a2 69		ldx #$69	         ldx #"i"
.0a12	0a		asl a		         asl a
.0a13	90 02		bcc $0a17	         bcc ok2
.0a15	a2 49		ldx #$49	         ldx #"I"
.0a17	48		pha		ok2      pha
.0a18	8a		txa		         txa
.0a19	20 d2 ff	jsr $ffd2	         jsr $ffd2
.0a1c	68		pla		         pla
.0a1d	a2 7a		ldx #$7a	         ldx #"z"
.0a1f	0a		asl a		         asl a
.0a20	90 02		bcc $0a24	         bcc ok1
.0a22	a2 5a		ldx #$5a	         ldx #"Z"
.0a24	48		pha		ok1      pha
.0a25	8a		txa		         txa
.0a26	20 d2 ff	jsr $ffd2	         jsr $ffd2
.0a29	68		pla		         pla
.0a2a	a2 63		ldx #$63	         ldx #"c"
.0a2c	0a		asl a		         asl a
.0a2d	90 02		bcc $0a31	         bcc ok0
.0a2f	a2 43		ldx #$43	         ldx #"C"
.0a31	48		pha		ok0      pha
.0a32	8a		txa		         txa
.0a33	20 d2 ff	jsr $ffd2	         jsr $ffd2
.0a36	68		pla		         pla
.0a37	a9 20		lda #$20	         lda #32
.0a39	20 d2 ff	jsr $ffd2	         jsr $ffd2
.0a3c	c8		iny		         iny
.0a3d	b1 ac		lda ($ac),y	         lda (172),y
.0a3f	48		pha		hexb     pha
.0a40	4a		lsr a		         lsr a
.0a41	4a		lsr a		         lsr a
.0a42	4a		lsr a		         lsr a
.0a43	4a		lsr a		         lsr a
.0a44	20 4a 0a	jsr $0a4a	         jsr hexn
.0a47	68		pla		         pla
.0a48	29 0f		and #$0f	         and #$0f
.0a4a	09 30		ora #$30	hexn     ora #$30
.0a4c	c9 3a		cmp #$3a	         cmp #$3a
.0a4e	90 02		bcc $0a52	         bcc hexn0
.0a50	69 06		adc #$06	         adc #6
.0a52	4c d2 ff	jmp $ffd2	hexn0    jmp $ffd2
.0a55	68		pla		print    pla
.0a56	8d 60 0a	sta $0a60	         sta print0+1
.0a59	68		pla		         pla
.0a5a	8d 61 0a	sta $0a61	         sta print0+2
.0a5d	a2 01		ldx #$01	         ldx #1
.0a5f	bd 5f 0a	lda $0a5f,x	print0   lda !*,x
.0a62	f0 06		beq $0a6a	         beq print1
.0a64	20 d2 ff	jsr $ffd2	         jsr $ffd2
.0a67	e8		inx		         inx
.0a68	d0 f5		bne $0a5f	         bne print0
.0a6a	38		sec		print1   sec
.0a6b	8a		txa		         txa
.0a6c	6d 60 0a	adc $0a60	         adc print0+1
.0a6f	8d 7b 0a	sta $0a7b	         sta print2+1
.0a72	a9 00		lda #$00	         lda #0
.0a74	6d 61 0a	adc $0a61	         adc print0+2
.0a77	8d 7c 0a	sta $0a7c	         sta print2+2
.0a7a	4c 7a 0a	jmp $0a7a	print2   jmp !*

;******  End of listing
